]0;~/Documents/CapeTown/Blog/ixblog[?1034hKaties-MacBook-Pro-3:ixblog katie$ [KKaties-MacBook-Pro-3:ixblog katie$ git init
Initialized empty Git repository in /Users/katie/Documents/CapeTown/Blog/ixblog/.git/
]0;~/Documents/CapeTown/Blog/ixblogKaties-MacBook-Pro-3:ixblog katie$ git add README.md
]0;~/Documents/CapeTown/Blog/ixblogKaties-MacBook-Pro-3:ixblog katie$ git commit -, "[K[K[Km "first commit"
[master (root-commit) 13fc6cc] first commit
 Committer: Katie Hosey <katie@Katies-MacBook-Pro-3.local>
Your name and email address were configured automatically based
on your username and hostname. Please check that they are accurate.
You can suppress this message by setting them explicitly. Run the
following command and follow the instructions in your editor to edit
your configuration file:

    git config --global --edit

After doing this, you may fix the identity used for this commit with:

    git commit --amend --reset-author

 1 file changed, 3 insertions(+)
 create mode 100644 README.md
]0;~/Documents/CapeTown/Blog/ixblogKaties-MacBook-Pro-3:ixblog katie$ git remote add origin[Kn https://github.com/katiehosey/week3blog.git
]0;~/Documents/CapeTown/Blog/ixblogKaties-MacBook-Pro-3:ixblog katie$ git push -u origin master
Counting objects: 3, done.
Delta compression using up to 4 threads.
Compressing objects:  50% (1/2)   Compressing objects: 100% (2/2)   Compressing objects: 100% (2/2), done.
Writing objects:  33% (1/3)   Writing objects:  66% (2/3)   Writing objects: 100% (3/3)   Writing objects: 100% (3/3), 270 bytes | 270.00 KiB/s, done.
Total 3 (delta 0), reused 0 (delta 0)
To https://github.com/katiehosey/week3blog.git
 * [new branch]      master -> master
Branch 'master' set up to track remote branch 'master' from 'origin'.
]0;~/Documents/CapeTown/Blog/ixblogKaties-MacBook-Pro-3:ixblog katie$ git init
Reinitialized existing Git repository in /Users/katie/Documents/CapeTown/Blog/ixblog/.git/
]0;~/Documents/CapeTown/Blog/ixblogKaties-MacBook-Pro-3:ixblog katie$ git add -A
]0;~/Documents/CapeTown/Blog/ixblogKaties-MacBook-Pro-3:ixblog katie$ git commit -m "added posts"
[master 62b22a6] added posts
 Committer: Katie Hosey <katie@Katies-MacBook-Pro-3.local>
Your name and email address were configured automatically based
on your username and hostname. Please check that they are accurate.
You can suppress this message by setting them explicitly. Run the
following command and follow the instructions in your editor to edit
your configuration file:

    git config --global --edit

After doing this, you may fix the identity used for this commit with:

    git commit --amend --reset-author

 108 files changed, 3780 insertions(+)
 create mode 100644 .Rproj.user/5868D8C2/console06/A30CB2C0
 create mode 100644 .Rproj.user/5868D8C2/console06/A30CB2C0.env
 create mode 100644 .Rproj.user/5868D8C2/console06/INDEX001
 create mode 100644 .Rproj.user/5868D8C2/sources/prop/12B44F4C
 create mode 100644 .Rproj.user/5868D8C2/sources/prop/1AC16203
 create mode 100644 .Rproj.user/5868D8C2/sources/prop/A4514D8E
 create mode 100644 .Rproj.user/5868D8C2/sources/prop/BE802AEE
 create mode 100644 .Rproj.user/5868D8C2/sources/prop/C33CFA2E
 create mode 100644 .Rproj.user/5868D8C2/sources/prop/CEAE5016
 create mode 100644 .Rproj.user/5868D8C2/sources/prop/DD80774C
 create mode 100644 .Rproj.user/5868D8C2/sources/prop/INDEX
 create mode 100644 .Rproj.user/5868D8C2/sources/s-E9C6B0DC/43E34606
 create mode 100644 .Rproj.user/5868D8C2/sources/s-E9C6B0DC/43E34606-contents
 create mode 100644 .Rproj.user/5868D8C2/sources/s-E9C6B0DC/44AF8AEE
 create mode 100644 .Rproj.user/5868D8C2/sources/s-E9C6B0DC/44AF8AEE-contents
 create mode 100644 .Rproj.user/5868D8C2/sources/s-E9C6B0DC/4D8EA942
 create mode 100644 .Rproj.user/5868D8C2/sources/s-E9C6B0DC/4D8EA942-contents
 create mode 100644 .Rproj.user/5868D8C2/sources/s-E9C6B0DC/62BEAAFA
 create mode 100644 .Rproj.user/5868D8C2/sources/s-E9C6B0DC/62BEAAFA-contents
 create mode 100644 .Rproj.user/5868D8C2/sources/s-E9C6B0DC/99B5B202
 create mode 100644 .Rproj.user/5868D8C2/sources/s-E9C6B0DC/99B5B202-contents
 create mode 100644 .Rproj.user/5868D8C2/sources/s-E9C6B0DC/B031ACAC
 create mode 100644 .Rproj.user/5868D8C2/sources/s-E9C6B0DC/B031ACAC-contents
 create mode 100644 .Rproj.user/5868D8C2/sources/s-E9C6B0DC/E22A5333-contents
 create mode 100644 .Rproj.user/5868D8C2/sources/s-E9C6B0DC/lock_file
 create mode 100644 .Rproj.user/shared/notebooks/patch-chunk-names
 create mode 100644 .Rproj.user/shared/notebooks/paths
 create mode 100644 .gitignore/public/.gitkeep
 create mode 100644 .gitignore/public/2015/01/01/lorem-ipsum/index.html
 create mode 100644 .gitignore/public/2015/07/23/hello-r-markdown/index.html
 create mode 100644 .gitignore/public/2016/12/30/a-plain-markdown-post/index.html
 create mode 100644 .gitignore/public/2018/06/18/about-me/index.html
 create mode 100644 .gitignore/public/2018/06/18/kaggle-competition/index.html
 create mode 100644 .gitignore/public/2018/06/18/r-package/index.html
 create mode 100644 .gitignore/public/about/index.html
 create mode 100644 .gitignore/public/categories/index.html
 create mode 100644 .gitignore/public/categories/index.xml
 create mode 100644 .gitignore/public/categories/r/index.html
 create mode 100644 .gitignore/public/categories/r/index.xml
 create mode 100644 .gitignore/public/css/fonts.css
 create mode 100644 .gitignore/public/css/main.css
 create mode 100644 .gitignore/public/fonts/lato-v11-latin-regular.woff
 create mode 100644 .gitignore/public/fonts/lato-v11-latin-regular.woff2
 create mode 100644 .gitignore/public/fonts/merriweather-v13-latin-regular.woff
 create mode 100644 .gitignore/public/fonts/merriweather-v13-latin-regular.woff2
 create mode 100644 .gitignore/public/images/hugo-logo.png
 create mode 100644 .gitignore/public/images/logo.png
 create mode 100644 .gitignore/public/index.html
 create mode 100644 .gitignore/public/index.xml
 create mode 100644 .gitignore/public/js/math-code.js
 create mode 100644 .gitignore/public/post/2015-07-23-r-rmarkdown_files/figure-html/pie-1.png
 create mode 100644 .gitignore/public/post/index.html
 create mode 100644 .gitignore/public/post/index.xml
 create mode 100644 .gitignore/public/sitemap.xml
 create mode 100644 .gitignore/public/tags/index.html
 create mode 100644 .gitignore/public/tags/index.xml
 create mode 100644 .gitignore/public/tags/plot/index.html
 create mode 100644 .gitignore/public/tags/plot/index.xml
 create mode 100644 .gitignore/public/tags/r-markdown/index.html
 create mode 100644 .gitignore/public/tags/r-markdown/index.xml
 create mode 100644 .gitignore/public/tags/regression/index.html
 create mode 100644 .gitignore/public/tags/regression/index.xml
 create mode 100644 config.toml
 create mode 100644 content/about.md
 create mode 100644 content/post/2015-01-01-lorem-ipsum.md
 create mode 100644 content/post/2015-07-23-r-rmarkdown.Rmd
 create mode 100644 content/post/2015-07-23-r-rmarkdown.html
 create mode 100644 content/post/2016-12-30-hello-markdown.md
 create mode 100644 content/post/2018-06-18-about-me.Rmd
 create mode 100644 content/post/2018-06-18-about-me.html
 create mode 100644 content/post/2018-06-18-kaggle-competition.Rmd
 create mode 100644 content/post/2018-06-18-kaggle-competition.html
 create mode 100644 content/post/2018-06-18-r-package.Rmd
 create mode 100644 content/post/2018-06-18-r-package.html
 create mode 100644 index.Rmd
 create mode 100644 ixblog.Rproj
 create mode 100644 static/.gitkeep
 create mode 100644 static/post/2015-07-23-r-rmarkdown_files/figure-html/pie-1.png
 create mode 100644 themes/hugo-lithium/.gitignore
 create mode 100644 themes/hugo-lithium/LICENSE.md
 create mode 100644 themes/hugo-lithium/README.md
 create mode 100644 themes/hugo-lithium/archetypes/default.md
 create mode 100644 themes/hugo-lithium/exampleSite/config.toml
 create mode 100644 themes/hugo-lithium/exampleSite/content/about.md
 create mode 100644 themes/hugo-lithium/exampleSite/content/post/2015-01-01-lorem-ipsum.md
 create mode 100644 themes/hugo-lithium/exampleSite/content/post/2016-12-30-hello-markdown.md
 create mode 100644 themes/hugo-lithium/exampleSite/static/.gitkeep
 create mode 100644 themes/hugo-lithium/hugo-lithium.Rproj
 create mode 100644 themes/hugo-lithium/layouts/_default/list.html
 create mode 100644 themes/hugo-lithium/layouts/_default/single.html
 create mode 100644 themes/hugo-lithium/layouts/partials/disqus.html
 create mode 100644 themes/hugo-lithium/layouts/partials/footer.html
 create mode 100644 themes/hugo-lithium/layouts/partials/footer_highlightjs.html
 create mode 100644 themes/hugo-lithium/layouts/partials/footer_mathjax.html
 create mode 100644 themes/hugo-lithium/layouts/partials/head.html
 create mode 100644 themes/hugo-lithium/layouts/partials/head_custom.html
 create mode 100644 themes/hugo-lithium/layouts/partials/head_highlightjs.html
 create mode 100644 themes/hugo-lithium/layouts/partials/header.html
 create mode 100644 themes/hugo-lithium/layouts/partials/nav.html
 create mode 100644 themes/hugo-lithium/static/css/fonts.css
 create mode 100644 themes/hugo-lithium/static/css/main.css
 create mode 100644 themes/hugo-lithium/static/fonts/lato-v11-latin-regular.woff
 create mode 100644 themes/hugo-lithium/static/fonts/lato-v11-latin-regular.woff2
 create mode 100644 themes/hugo-lithium/static/fonts/merriweather-v13-latin-regular.woff
 create mode 100644 themes/hugo-lithium/static/fonts/merriweather-v13-latin-regular.woff2
 create mode 100644 themes/hugo-lithium/static/images/hugo-logo.png
 create mode 100644 themes/hugo-lithium/static/images/logo.png
 create mode 100644 themes/hugo-lithium/static/js/math-code.js
]0;~/Documents/CapeTown/Blog/ixblogKaties-MacBook-Pro-3:ixblog katie$ git push -u 
Counting objects: 138, done.
Delta compression using up to 4 threads.
Compressing objects:   0% (1/109)   Compressing objects:   1% (2/109)   Compressing objects:   2% (3/109)   Compressing objects:   3% (4/109)   Compressing objects:   4% (5/109)   Compressing objects:   5% (6/109)   Compressing objects:   6% (7/109)   Compressing objects:   7% (8/109)   Compressing objects:   8% (9/109)   Compressing objects:   9% (10/109)   Compressing objects:  10% (11/109)   Compressing objects:  11% (12/109)   Compressing objects:  12% (14/109)   Compressing objects:  13% (15/109)   Compressing objects:  14% (16/109)   Compressing objects:  15% (17/109)   Compressing objects:  16% (18/109)   Compressing objects:  17% (19/109)   Compressing objects:  18% (20/109)   Compressing objects:  19% (21/109)   Compressing objects:  20% (22/109)   Compressing objects:  21% (23/109)   Compressing objects:  22% (24/109)   Compressing objects:  23% (26/109)   Compressing objects:  24% (27/109)   Compressing objects:  25% (28/109)   Compressing objects:  26% (29/109)   Compressing objects:  27% (30/109)   Compressing objects:  28% (31/109)   Compressing objects:  29% (32/109)   Compressing objects:  30% (33/109)   Compressing objects:  31% (34/109)   Compressing objects:  32% (35/109)   Compressing objects:  33% (36/109)   Compressing objects:  34% (38/109)   Compressing objects:  35% (39/109)   Compressing objects:  36% (40/109)   Compressing objects:  37% (41/109)   Compressing objects:  38% (42/109)   Compressing objects:  39% (43/109)   Compressing objects:  40% (44/109)   Compressing objects:  41% (45/109)   Compressing objects:  42% (46/109)   Compressing objects:  43% (47/109)   Compressing objects:  44% (48/109)   Compressing objects:  45% (50/109)   Compressing objects:  46% (51/109)   Compressing objects:  47% (52/109)   Compressing objects:  48% (53/109)   Compressing objects:  49% (54/109)   Compressing objects:  50% (55/109)   Compressing objects:  51% (56/109)   Compressing objects:  52% (57/109)   Compressing objects:  53% (58/109)   Compressing objects:  54% (59/109)   Compressing objects:  55% (60/109)   Compressing objects:  56% (62/109)   Compressing objects:  57% (63/109)   Compressing objects:  58% (64/109)   Compressing objects:  59% (65/109)   Compressing objects:  60% (66/109)   Compressing objects:  61% (67/109)   Compressing objects:  62% (68/109)   Compressing objects:  63% (69/109)   Compressing objects:  64% (70/109)   Compressing objects:  65% (71/109)   Compressing objects:  66% (72/109)   Compressing objects:  67% (74/109)   Compressing objects:  68% (75/109)   Compressing objects:  69% (76/109)   Compressing objects:  70% (77/109)   Compressing objects:  71% (78/109)   Compressing objects:  72% (79/109)   Compressing objects:  73% (80/109)   Compressing objects:  74% (81/109)   Compressing objects:  75% (82/109)   Compressing objects:  76% (83/109)   Compressing objects:  77% (84/109)   Compressing objects:  78% (86/109)   Compressing objects:  79% (87/109)   Compressing objects:  80% (88/109)   Compressing objects:  81% (89/109)   Compressing objects:  82% (90/109)   Compressing objects:  83% (91/109)   Compressing objects:  84% (92/109)   Compressing objects:  85% (93/109)   Compressing objects:  86% (94/109)   Compressing objects:  87% (95/109)   Compressing objects:  88% (96/109)   Compressing objects:  89% (98/109)   Compressing objects:  90% (99/109)   Compressing objects:  91% (100/109)   Compressing objects:  92% (101/109)   Compressing objects:  93% (102/109)   Compressing objects:  94% (103/109)   Compressing objects:  95% (104/109)   Compressing objects:  96% (105/109)   Compressing objects:  97% (106/109)   Compressing objects:  98% (107/109)   Compressing objects:  99% (108/109)   Compressing objects: 100% (109/109)   Compressing objects: 100% (109/109), done.
Writing objects:   0% (1/138)   Writing objects:   1% (2/138)   Writing objects:   2% (3/138)   Writing objects:   3% (5/138)   Writing objects:   4% (6/138)   Writing objects:   5% (7/138)   Writing objects:   6% (9/138)   Writing objects:   7% (10/138)   Writing objects:   8% (12/138)   Writing objects:   9% (13/138)   Writing objects:  10% (14/138)   Writing objects:  11% (16/138)   Writing objects:  13% (18/138)   Writing objects:  14% (20/138)   Writing objects:  15% (21/138)   Writing objects:  16% (23/138)   Writing objects:  17% (24/138)   Writing objects:  18% (25/138)   Writing objects:  19% (27/138)   Writing objects:  20% (28/138)   Writing objects:  21% (29/138)   Writing objects:  22% (31/138)   Writing objects:  23% (32/138)   Writing objects:  24% (34/138)   Writing objects:  25% (35/138)   Writing objects:  26% (36/138)   Writing objects:  28% (39/138)   Writing objects:  29% (41/138)   Writing objects:  30% (42/138)   Writing objects:  31% (43/138)   Writing objects:  32% (45/138)   Writing objects:  33% (46/138)   Writing objects:  34% (47/138)   Writing objects:  35% (49/138)   Writing objects:  36% (50/138)   Writing objects:  38% (53/138)   Writing objects:  39% (54/138)   Writing objects:  40% (56/138)   Writing objects:  41% (57/138)   Writing objects:  42% (58/138)   Writing objects:  44% (61/138)   Writing objects:  45% (63/138)   Writing objects:  46% (64/138)   Writing objects:  47% (66/138)   Writing objects:  49% (68/138)   Writing objects:  50% (69/138)   Writing objects:  51% (71/138)   Writing objects:  52% (72/138)   Writing objects:  53% (74/138)   Writing objects:  54% (75/138)   Writing objects:  55% (76/138)   Writing objects:  56% (78/138)   Writing objects:  57% (79/138)   Writing objects:  58% (81/138)   Writing objects:  59% (82/138)   Writing objects:  60% (83/138)   Writing objects:  61% (85/138)   Writing objects:  62% (86/138)   Writing objects:  63% (87/138)   Writing objects:  64% (89/138)   Writing objects:  65% (90/138)   Writing objects:  66% (92/138)   Writing objects:  67% (93/138)   Writing objects:  68% (94/138)   Writing objects:  69% (96/138)   Writing objects:  70% (97/138)   Writing objects:  71% (98/138)   Writing objects:  72% (100/138)   Writing objects:  73% (101/138)   Writing objects:  74% (103/138)   Writing objects:  75% (104/138)   Writing objects:  76% (105/138)   Writing objects:  77% (107/138)   Writing objects:  78% (108/138)   Writing objects:  80% (111/138)   Writing objects:  81% (112/138)   Writing objects:  82% (114/138)   Writing objects:  83% (115/138)   Writing objects:  84% (116/138)   Writing objects:  85% (118/138)   Writing objects:  86% (119/138)   Writing objects:  87% (121/138)   Writing objects:  88% (122/138)   Writing objects:  89% (123/138)   Writing objects:  90% (125/138)   Writing objects:  91% (126/138)   Writing objects:  92% (127/138)   Writing objects:  93% (129/138)   Writing objects:  94% (130/138)   Writing objects:  95% (132/138)   Writing objects:  96% (133/138)   Writing objects:  97% (134/138)   Writing objects:  98% (136/138)   Writing objects:  99% (137/138)   Writing objects: 100% (138/138)   Writing objects: 100% (138/138), 183.55 KiB | 1.12 MiB/s, done.
Total 138 (delta 25), reused 0 (delta 0)
remote: Resolving deltas:   0% (0/25)   [Kremote: Resolving deltas:  20% (5/25)   [Kremote: Resolving deltas:  40% (10/25)   [Kremote: Resolving deltas:  68% (17/25)   [Kremote: Resolving deltas:  96% (24/25)   [Kremote: Resolving deltas: 100% (25/25)   [Kremote: Resolving deltas: 100% (25/25), done.[K
To https://github.com/katiehosey/week3blog.git
   13fc6cc..62b22a6  master -> master
Branch 'master' set up to track remote branch 'master' from 'origin'.
]0;~/Documents/CapeTown/Blog/ixblogKaties-MacBook-Pro-3:ixblog katie$ git init
Reinitialized existing Git repository in /Users/katie/Documents/CapeTown/Blog/ixblog/.git/
]0;~/Documents/CapeTown/Blog/ixblogKaties-MacBook-Pro-3:ixblog katie$ git add -A
]0;~/Documents/CapeTown/Blog/ixblogKaties-MacBook-Pro-3:ixblog katie$ git commit -m "added content"
[master b841c9c] added content
 Committer: Katie Hosey <katie@Katies-MacBook-Pro-3.local>
Your name and email address were configured automatically based
on your username and hostname. Please check that they are accurate.
You can suppress this message by setting them explicitly. Run the
following command and follow the instructions in your editor to edit
your configuration file:

    git config --global --edit

After doing this, you may fix the identity used for this commit with:

    git commit --amend --reset-author

 34 files changed, 852 insertions(+), 171 deletions(-)
 create mode 100644 .Rproj.user/5868D8C2/sources/prop/9EB583BA
 create mode 100644 .Rproj.user/5868D8C2/sources/s-E9C6B0DC/3F1DAC85
 create mode 100644 .Rproj.user/5868D8C2/sources/s-E9C6B0DC/3F1DAC85-contents
 rename .Rproj.user/5868D8C2/sources/s-E9C6B0DC/{44AF8AEE => C36C9963} (60%)
 create mode 100644 .Rproj.user/5868D8C2/sources/s-E9C6B0DC/C36C9963-contents
 create mode 100644 .Rproj.user/shared/notebooks/26025CFF-2018-06-18-kaggle-competition/1/5868D8C2E9C6B0DC/chunks.json
 create mode 100644 .Rproj.user/shared/notebooks/26025CFF-2018-06-18-kaggle-competition/1/s/chunks.json
 create mode 100644 .Rproj.user/shared/notebooks/76137A4A-2018-06-18-about-me/1/5868D8C2E9C6B0DC/chunks.json
 create mode 100644 .Rproj.user/shared/notebooks/76137A4A-2018-06-18-about-me/1/s/chunks.json
 create mode 100644 .Rproj.user/shared/notebooks/E1264306-2018-06-18-r-package/1/5868D8C2E9C6B0DC/chunks.json
 create mode 100644 .Rproj.user/shared/notebooks/E1264306-2018-06-18-r-package/1/s/chunks.json
 delete mode 100644 content/post/2015-01-01-lorem-ipsum.md
 delete mode 100644 content/post/2015-07-23-r-rmarkdown.Rmd
 delete mode 100644 content/post/2015-07-23-r-rmarkdown.html
 delete mode 100644 content/post/2016-12-30-hello-markdown.md
 rewrite content/post/2018-06-18-about-me.html (81%)
 rewrite content/post/2018-06-18-kaggle-competition.html (96%)
 rewrite content/post/2018-06-18-r-package.html (80%)
]0;~/Documents/CapeTown/Blog/ixblogKaties-MacBook-Pro-3:ixblog katie$ git push -u
Counting objects: 45, done.
Delta compression using up to 4 threads.
Compressing objects:   2% (1/38)   Compressing objects:   5% (2/38)   Compressing objects:   7% (3/38)   Compressing objects:  10% (4/38)   Compressing objects:  13% (5/38)   Compressing objects:  15% (6/38)   Compressing objects:  18% (7/38)   Compressing objects:  21% (8/38)   Compressing objects:  23% (9/38)   Compressing objects:  26% (10/38)   Compressing objects:  28% (11/38)   Compressing objects:  31% (12/38)   Compressing objects:  34% (13/38)   Compressing objects:  36% (14/38)   Compressing objects:  39% (15/38)   Compressing objects:  42% (16/38)   Compressing objects:  44% (17/38)   Compressing objects:  47% (18/38)   Compressing objects:  50% (19/38)   Compressing objects:  52% (20/38)   Compressing objects:  55% (21/38)   Compressing objects:  57% (22/38)   Compressing objects:  60% (23/38)   Compressing objects:  63% (24/38)   Compressing objects:  65% (25/38)   Compressing objects:  68% (26/38)   Compressing objects:  71% (27/38)   Compressing objects:  73% (28/38)   Compressing objects:  76% (29/38)   Compressing objects:  78% (30/38)   Compressing objects:  81% (31/38)   Compressing objects:  84% (32/38)   Compressing objects:  86% (33/38)   Compressing objects:  89% (34/38)   Compressing objects:  92% (35/38)   Compressing objects:  94% (36/38)   Compressing objects:  97% (37/38)   Compressing objects: 100% (38/38)   Compressing objects: 100% (38/38), done.
Writing objects:   2% (1/45)   Writing objects:   4% (2/45)   Writing objects:   6% (3/45)   Writing objects:   8% (4/45)   Writing objects:  11% (5/45)   Writing objects:  13% (6/45)   Writing objects:  15% (7/45)   Writing objects:  17% (8/45)   Writing objects:  20% (9/45)   Writing objects:  22% (10/45)   Writing objects:  24% (11/45)   Writing objects:  26% (12/45)   Writing objects:  28% (13/45)   Writing objects:  31% (14/45)   Writing objects:  33% (15/45)   Writing objects:  37% (17/45)   Writing objects:  40% (18/45)   Writing objects:  42% (19/45)   Writing objects:  44% (20/45)   Writing objects:  46% (21/45)   Writing objects:  48% (22/45)   Writing objects:  51% (23/45)   Writing objects:  53% (24/45)   Writing objects:  55% (25/45)   Writing objects:  57% (26/45)   Writing objects:  60% (27/45)   Writing objects:  62% (28/45)   Writing objects:  64% (29/45)   Writing objects:  66% (30/45)   Writing objects:  68% (31/45)   Writing objects:  71% (32/45)   Writing objects:  73% (33/45)   Writing objects:  75% (34/45)   Writing objects:  77% (35/45)   Writing objects:  80% (36/45)   Writing objects:  82% (37/45)   Writing objects:  84% (38/45)   Writing objects:  86% (39/45)   Writing objects:  88% (40/45)   Writing objects:  91% (41/45)   Writing objects:  93% (42/45)   Writing objects:  97% (44/45)   Writing objects: 100% (45/45)   Writing objects: 100% (45/45), 246.69 KiB | 2.62 MiB/s, done.
Total 45 (delta 11), reused 0 (delta 0)
remote: Resolving deltas:   0% (0/11)   [Kremote: Resolving deltas:  18% (2/11)   [Kremote: Resolving deltas:  27% (3/11)   [Kremote: Resolving deltas:  36% (4/11)   [Kremote: Resolving deltas:  63% (7/11)   [Kremote: Resolving deltas:  72% (8/11)   [Kremote: Resolving deltas:  81% (9/11)   [Kremote: Resolving deltas:  90% (10/11)   [Kremote: Resolving deltas: 100% (11/11)   [Kremote: Resolving deltas: 100% (11/11), completed with 7 local objects.[K
To https://github.com/katiehosey/week3blog.git
   62b22a6..b841c9c  master -> master
Branch 'master' set up to track remote branch 'master' from 'origin'.
]0;~/Documents/CapeTown/Blog/ixblogKaties-MacBook-Pro-3:ixblog katie$ git init
Reinitialized existing Git repository in /Users/katie/Documents/CapeTown/Blog/ixblog/.git/
]0;~/Documents/CapeTown/Blog/ixblogKaties-MacBook-Pro-3:ixblog katie$ git com[K[K[Kcom[K[K[Kadd -A
